
> maifil@0.0.0 build
> npm run build:react && electron-builder -c.extraMetadata.main=main.cjs


> maifil@0.0.0 build:react
> vite build

[36mvite v8.0.3 [32mbuilding client environment for production...[36m[39m
[2K
transforming...Γ£ô 1745 modules transformed.
node.exe : [31mΓ£ù[39m 
Build failed in 368ms
At line:1 char:1
+ & "C:\Program 
Files\nodejs/node.exe" 
"C:\Program 
Files\nodejs/node_mo ...
+ ~~~~~~~~~~~~~~~~~~~~~~~~
~~~~~~~~~~~~~~~~~~~~~~~~~~
~~~~~~~~~~~~~~~~~~~
    + CategoryInfo        
      : NotSpecified: (  
  [31mΓ£ù[39m Build fa   
 iled in 368ms:String)    
 [], RemoteException
    + FullyQualifiedError 
   Id : NativeCommandErr  
  or
 
[31merror during build:
[31mBuild failed with 3 
errors:

[31m[builtin:vite-transfo
rm] Error:[0m Duplicated 
export 'addMenuItem'
     [38;5;246mΓò¡[0m[3
8;5;246mΓöÇ[0m[38;5;246m
[[0m 
src/store/data.js:151:23 
[38;5;246m][0m
     [38;5;246mΓöé[0m
 [38;5;246m151 Γöé[0m [
38;5;249me[0m[38;5;249mx
[0m[38;5;249mp[0m[38;5
;249mo[0m[38;5;249mr[0m
[38;5;249mt[0m[38;5;249
m [0m[38;5;249ma[0m[38
;5;249ms[0m[38;5;249my[
0m[38;5;249mn[0m[38;5;2
49mc[0m[38;5;249m [0m[
38;5;249mf[0m[38;5;249mu
[0m[38;5;249mn[0m[38;5
;249mc[0m[38;5;249mt[0m
[38;5;249mi[0m[38;5;249
mo[0m[38;5;249mn[0m[38
;5;249m [0maddMenuItem[3
8;5;249m([0m[38;5;249md
[0m[38;5;249ma[0m[38;5;
249mt[0m[38;5;249ma[0m
[38;5;249m)[0m[38;5;249m
 [0m[38;5;249m{[0m
 [38;5;240m    Γöé[0m   
                    ΓöÇΓöÇ
ΓöÇΓöÇΓöÇΓö¼ΓöÇΓöÇΓöÇΓöÇΓö
Ç  
 [38;5;240m    Γöé[0m   
                         
Γò░ΓöÇΓöÇΓöÇΓöÇΓöÇΓöÇΓöÇ 
Export has already been 
declared here
 [38;5;240m    Γöé[0m 
 [38;5;246m234 Γöé[0m [
38;5;249me[0m[38;5;249mx
[0m[38;5;249mp[0m[38;5
;249mo[0m[38;5;249mr[0m
[38;5;249mt[0m[38;5;249
m [0m[38;5;249ma[0m[38
;5;249ms[0m[38;5;249my[
0m[38;5;249mn[0m[38;5;2
49mc[0m[38;5;249m [0m[
38;5;249mf[0m[38;5;249mu
[0m[38;5;249mn[0m[38;5
;249mc[0m[38;5;249mt[0m
[38;5;249mi[0m[38;5;249
mo[0m[38;5;249mn[0m[38
;5;249m [0maddMenuItem[3
8;5;249m([0m[38;5;249md
[0m[38;5;249ma[0m[38;5;
249mt[0m[38;5;249ma[0m
[38;5;249m)[0m[38;5;249m
 [0m[38;5;249m{[0m
 [38;5;240m    Γöé[0m   
                    ΓöÇΓöÇ
ΓöÇΓöÇΓöÇΓö¼ΓöÇΓöÇΓöÇΓöÇΓö
Ç  
 [38;5;240m    Γöé[0m   
                         
Γò░ΓöÇΓöÇΓöÇΓöÇΓöÇΓöÇΓöÇ 
It cannot be redeclared 
here
[38;5;246mΓöÇΓöÇΓöÇΓöÇΓöÇ
Γò»[0m

[31m[builtin:vite-transfo
rm] Error:[0m Duplicated 
export 'updateMenuItem'
     [38;5;246mΓò¡[0m[3
8;5;246mΓöÇ[0m[38;5;246m
[[0m 
src/store/data.js:155:23 
[38;5;246m][0m
     [38;5;246mΓöé[0m
 [38;5;246m155 Γöé[0m [
38;5;249me[0m[38;5;249mx
[0m[38;5;249mp[0m[38;5
;249mo[0m[38;5;249mr[0m
[38;5;249mt[0m[38;5;249
m [0m[38;5;249ma[0m[38
;5;249ms[0m[38;5;249my[
0m[38;5;249mn[0m[38;5;2
49mc[0m[38;5;249m [0m[
38;5;249mf[0m[38;5;249mu
[0m[38;5;249mn[0m[38;5
;249mc[0m[38;5;249mt[0m
[38;5;249mi[0m[38;5;249
mo[0m[38;5;249mn[0m[38
;5;249m [0mupdateMenuItem
[38;5;249m([0m[38;5;249
mi[0m[38;5;249md[0m[38
;5;249m,[0m[38;5;249m [
0m[38;5;249md[0m[38;5;2
49ma[0m[38;5;249mt[0m[
38;5;249ma[0m[38;5;249m)
[0m[38;5;249m 
[0m[38;5;249m{[0m
 [38;5;240m    Γöé[0m   
                    ΓöÇΓöÇ
ΓöÇΓöÇΓöÇΓöÇΓöÇΓö¼ΓöÇΓöÇΓö
ÇΓöÇΓöÇΓöÇ  
 [38;5;240m    Γöé[0m   
                          
 Γò░ΓöÇΓöÇΓöÇΓöÇΓöÇΓöÇΓöÇΓ
öÇ Export has already 
been declared here
 [38;5;240m    Γöé[0m 
 [38;5;246m238 Γöé[0m [
38;5;249me[0m[38;5;249mx
[0m[38;5;249mp[0m[38;5
;249mo[0m[38;5;249mr[0m
[38;5;249mt[0m[38;5;249
m [0m[38;5;249ma[0m[38
;5;249ms[0m[38;5;249my[
0m[38;5;249mn[0m[38;5;2
49mc[0m[38;5;249m [0m[
38;5;249mf[0m[38;5;249mu
[0m[38;5;249mn[0m[38;5
;249mc[0m[38;5;249mt[0m
[38;5;249mi[0m[38;5;249
mo[0m[38;5;249mn[0m[38
;5;249m [0mupdateMenuItem
[38;5;249m([0m[38;5;249
mi[0m[38;5;249md[0m[38
;5;249m,[0m[38;5;249m [
0m[38;5;249md[0m[38;5;2
49ma[0m[38;5;249mt[0m[
38;5;249ma[0m[38;5;249m)
[0m[38;5;249m 
[0m[38;5;249m{[0m
 [38;5;240m    Γöé[0m   
                    ΓöÇΓöÇ
ΓöÇΓöÇΓöÇΓöÇΓöÇΓö¼ΓöÇΓöÇΓö
ÇΓöÇΓöÇΓöÇ  
 [38;5;240m    Γöé[0m   
                          
 Γò░ΓöÇΓöÇΓöÇΓöÇΓöÇΓöÇΓöÇΓ
öÇ It cannot be 
redeclared here
[38;5;246mΓöÇΓöÇΓöÇΓöÇΓöÇ
Γò»[0m

[31m[builtin:vite-transfo
rm] Error:[0m Duplicated 
export 'deleteMenuItem'
     [38;5;246mΓò¡[0m[3
8;5;246mΓöÇ[0m[38;5;246m
[[0m 
src/store/data.js:159:23 
[38;5;246m][0m
     [38;5;246mΓöé[0m
 [38;5;246m159 Γöé[0m [
38;5;249me[0m[38;5;249mx
[0m[38;5;249mp[0m[38;5
;249mo[0m[38;5;249mr[0m
[38;5;249mt[0m[38;5;249
m [0m[38;5;249ma[0m[38
;5;249ms[0m[38;5;249my[
0m[38;5;249mn[0m[38;5;2
49mc[0m[38;5;249m [0m[
38;5;249mf[0m[38;5;249mu
[0m[38;5;249mn[0m[38;5
;249mc[0m[38;5;249mt[0m
[38;5;249mi[0m[38;5;249
mo[0m[38;5;249mn[0m[38
;5;249m [0mdeleteMenuItem
[38;5;249m([0m[38;5;249
mi[0m[38;5;249md[0m[38
;5;249m)[0m[38;5;249m 
[0m[38;5;249m{[0m
 [38;5;240m    Γöé[0m   
                    ΓöÇΓöÇ
ΓöÇΓöÇΓöÇΓöÇΓöÇΓö¼ΓöÇΓöÇΓö
ÇΓöÇΓöÇΓöÇ  
 [38;5;240m    Γöé[0m   
                          
 Γò░ΓöÇΓöÇΓöÇΓöÇΓöÇΓöÇΓöÇΓ
öÇ Export has already 
been declared here
 [38;5;240m    Γöé[0m 
 [38;5;246m242 Γöé[0m [
38;5;249me[0m[38;5;249mx
[0m[38;5;249mp[0m[38;5
;249mo[0m[38;5;249mr[0m
[38;5;249mt[0m[38;5;249
m [0m[38;5;249ma[0m[38
;5;249ms[0m[38;5;249my[
0m[38;5;249mn[0m[38;5;2
49mc[0m[38;5;249m [0m[
38;5;249mf[0m[38;5;249mu
[0m[38;5;249mn[0m[38;5
;249mc[0m[38;5;249mt[0m
[38;5;249mi[0m[38;5;249
mo[0m[38;5;249mn[0m[38
;5;249m [0mdeleteMenuItem
[38;5;249m([0m[38;5;249
mi[0m[38;5;249md[0m[38
;5;249m)[0m[38;5;249m 
[0m[38;5;249m{[0m
 [38;5;240m    Γöé[0m   
                    ΓöÇΓöÇ
ΓöÇΓöÇΓöÇΓöÇΓöÇΓö¼ΓöÇΓöÇΓö
ÇΓöÇΓöÇΓöÇ  
 [38;5;240m    Γöé[0m   
                          
 Γò░ΓöÇΓöÇΓöÇΓöÇΓöÇΓöÇΓöÇΓ
öÇ It cannot be 
redeclared here
[38;5;246mΓöÇΓöÇΓöÇΓöÇΓöÇ
Γò»[0m
[31m
    at aggregateBindingErr
orsIntoJsError (file:///C:
/Users/Jeevesh/OneDrive/De
sktop/Maifil/node_modules/
rolldown/dist/shared/error
-BLhcSyeg.mjs:48:18)
    at 
unwrapBindingResult (file:
///C:/Users/Jeevesh/OneDri
ve/Desktop/Maifil/node_mod
ules/rolldown/dist/shared/
error-BLhcSyeg.mjs:18:128)
    at #build (file:///C:/
Users/Jeevesh/OneDrive/Des
ktop/Maifil/node_modules/r
olldown/dist/shared/rolldo
wn-build-CPrIX9V6.mjs:3313
:34)
    at async 
buildEnvironment (file:///
C:/Users/Jeevesh/OneDrive/
Desktop/Maifil/node_module
s/vite/dist/node/chunks/no
de.js:32849:64)
    at async Object.build 
(file:///C:/Users/Jeevesh/
OneDrive/Desktop/Maifil/no
de_modules/vite/dist/node/
chunks/node.js:33271:19)
    at async 
Object.buildApp (file:///C
:/Users/Jeevesh/OneDrive/D
esktop/Maifil/node_modules
/vite/dist/node/chunks/nod
e.js:33268:153)
    at async 
CAC.<anonymous> (file:///C
:/Users/Jeevesh/OneDrive/D
esktop/Maifil/node_modules
/vite/dist/node/cli.js:778
:3) {
  errors: [Getter/Setter]
}[39m
